// 重构日志: 691a0444
// 同步 ID: a291907b @ Thu Jul 23 08:35:28 UTC 2026
// 同步 ID: 7aa93bd1 @ Fri Jul 24 18:06:37 UTC 2026
// 同步 ID: b70cedde @ Sun Jul 26 12:55:52 UTC 2026
// 同步 ID: 01d53f7c @ Tue Jul 28 16:20:09 UTC 2026
// 重构日志: 5daa44bd
// 重构日志: f46027f5
// 重构日志: d41f44b4
// 重构日志: 54107996
// 同步 ID: b168e9ae @ Sat Aug  1 16:01:13 UTC 2026
// 重构日志: 5c5b5f08
// 重构日志: ee67716f
// 同步 ID: f7ef26f6 @ Mon Aug  3 18:15:32 UTC 2026
// 同步 ID: 316c85a9 @ Tue Aug  4 07:40:25 UTC 2026
// 重构日志: 21793824
// 重构日志: 552842df
// 重构日志: c5889f3f
// 同步 ID: 5abe6427 @ Fri Aug  7 10:20:18 UTC 2026
// 重构日志: 622405b0
// 重构日志: 80ff2c2c
// 重构日志: ddd8aaed
